

******************************************************************************  Tool and Invocation  *******************************************************************************
+----------------------------------------------------------------------------------------------------------------------------------------------------------------------------------+
| tool      | TASKING VX-toolset for ARM Cortex: object linker v6.3r1 Build 19041558 SN 08046914                                                                                   |
| path      | C:\Tools\tasking-tricore\tasking-tricore-6.3r1\carm\bin\lkarm.exe                                                                                                    |
| arguments | ActivateTask.obj birdge_kernel.obj Bridge.obj CancelAlarm.obj ChainTask.obj ClearEvent.obj CountersKernel.obj cpu_context.obj GetAlarm.obj GetAlarmBase.obj          |
|           | GetEvent.obj GetResource.obj GetTaskID.obj GetTaskState.obj hsm_startup.obj IncrementCounter.obj kernel_cfg.obj main.obj osctl.obj ReleaseResource.obj resource.obj  |
|           | Schedule.obj SetAbsAlarm.obj SetEvent.obj SetRelAlarm.obj task.obj TerminateTask.obj Test_00.obj Test_01.obj Test_02.obj Test_03.obj Timer_implementation.obj        |
|           | WaitEvent.obj -d OZEKAA.lsl -O0 --user-provided-initialization-code --map-file=HSM.map --map-file-format=2 --output=./Debug/OZEKAA.elf                               |
| task      | task1                                                                                                                                                                |
+----------------------------------------------------------------------------------------------------------------------------------------------------------------------------------+


*********************************************************************************  Used Resources  *********************************************************************************

* Memory usage in bytes
========================
+-----------------------------------------------------------+
| Memory | Code    | Data    | Reserved | Free    | Total   |
|===========================================================|
| Flash  | 0x01640 | 0x00020 |      0x0 | 0x0e9a0 | 0x10000 |
| SRAM   |     0x0 | 0x02320 |  0x00820 | 0x154c0 | 0x18000 |
| VIM    |     0x0 |     0x0 |      0x0 | 0x00100 | 0x00100 |
|-----------------------------------------------------------|
| Total  | 0x01640 | 0x02340 |  0x00820 | 0x23f60 | 0x28100 |
+-----------------------------------------------------------+

* Space usage in bytes
=======================
+----------------------------------------------------------------------------------------------------------------+
| Space          | Native used Rom | Native used Ram | Foreign used |  Reserved | Free Rom |  Free Ram | Total   |
|================================================================================================================|
| ARM:ARM:linear |         0x01660 |         0x02320 |          0x0 |   0x00820 |  0x0e9a0 |   0x155c0 | 0x28100 |
|----------------------------------------------------------------------------------------------------------------|
| Total          |         0x01660 |         0x02320 |            - |         - |        - |         - |       - |
| Largest gap    |               - |               - |            - |         - |  0x0e9a0 |   0x154c0 |       - |
+----------------------------------------------------------------------------------------------------------------+

Note:
Multiple address spaces may be mapped at the same (physical) memory address
ranges. Physical memory allocated (i.e. used) for sections in the given space
are called "Native used Rom" and "Native used Ram" whereas memory allocated by
other spaces is called "Foreign used" memory.

* Estimated stack usage
========================
+-----------------------------------------------+
| Stack Name | Used | Recursive | Entry points  |
|===============================================|
| stack      | 0x0  | no        | Reset_Handler |
+-----------------------------------------------+


********************************************************************************  Processed Files  *********************************************************************************
+-------------------------------------------------------------------------+
| File                     | From archive | Symbol causing the extraction |
|=========================================================================|
| ActivateTask.obj         |              |                               |
| Bridge.obj               |              |                               |
| CancelAlarm.obj          |              |                               |
| ChainTask.obj            |              |                               |
| ClearEvent.obj           |              |                               |
| CountersKernel.obj       |              |                               |
| GetAlarm.obj             |              |                               |
| GetAlarmBase.obj         |              |                               |
| GetEvent.obj             |              |                               |
| GetResource.obj          |              |                               |
| GetTaskID.obj            |              |                               |
| GetTaskState.obj         |              |                               |
| IncrementCounter.obj     |              |                               |
| ReleaseResource.obj      |              |                               |
| Schedule.obj             |              |                               |
| SetAbsAlarm.obj          |              |                               |
| SetEvent.obj             |              |                               |
| SetRelAlarm.obj          |              |                               |
| TerminateTask.obj        |              |                               |
| Test_00.obj              |              |                               |
| Test_01.obj              |              |                               |
| Test_02.obj              |              |                               |
| Test_03.obj              |              |                               |
| Timer_implementation.obj |              |                               |
| WaitEvent.obj            |              |                               |
| birdge_kernel.obj        |              |                               |
| cpu_context.obj          |              |                               |
| hsm_startup.obj          |              |                               |
| kernel_cfg.obj           |              |                               |
| main.obj                 |              |                               |
| osctl.obj                |              |                               |
| resource.obj             |              |                               |
| task.obj                 |              |                               |
+-------------------------------------------------------------------------+


**********************************************************************************  Link Result  ***********************************************************************************
+-------------------------------------------------------------------------------------------------------------------------------------+
| [in] File           | [in] Section                | [in] Size (MAU) | [out] Offset | [out] Section               | [out] Size (MAU) |
|=====================================================================================================================================|
| kernel_cfg.obj      | .bss.T0_STACK (276)         | 0x00000400      | 0x0          | .bss.T0_STACK (276)         | 0x00000400       |
|-------------------------------------------------------------------------------------------------------------------------------------|
| kernel_cfg.obj      | .bss.T1_STACK (277)         | 0x00000400      | 0x0          | .bss.T1_STACK (277)         | 0x00000400       |
|-------------------------------------------------------------------------------------------------------------------------------------|
| kernel_cfg.obj      | .bss.T2_STACK (278)         | 0x00000400      | 0x0          | .bss.T2_STACK (278)         | 0x00000400       |
|-------------------------------------------------------------------------------------------------------------------------------------|
| kernel_cfg.obj      | .bss.T3_STACK (279)         | 0x00000400      | 0x0          | .bss.T3_STACK (279)         | 0x00000400       |
|-------------------------------------------------------------------------------------------------------------------------------------|
| kernel_cfg.obj      | .bss.T4_STACK (280)         | 0x00000400      | 0x0          | .bss.T4_STACK (280)         | 0x00000400       |
|-------------------------------------------------------------------------------------------------------------------------------------|
| kernel_cfg.obj      | .bss.T5_STACK (281)         | 0x00000400      | 0x0          | .bss.T5_STACK (281)         | 0x00000400       |
|-------------------------------------------------------------------------------------------------------------------------------------|
| kernel_cfg.obj      | .bss.T6_STACK (282)         | 0x00000400      | 0x0          | .bss.T6_STACK (282)         | 0x00000400       |
|-------------------------------------------------------------------------------------------------------------------------------------|
| kernel_cfg.obj      | .bss.T7_STACK (283)         | 0x00000400      | 0x0          | .bss.T7_STACK (283)         | 0x00000400       |
|-------------------------------------------------------------------------------------------------------------------------------------|
| osctl.obj           | .bss (361)                  | 0x00000008      | 0x0          | .bss (361)                  | 0x00000008       |
|-------------------------------------------------------------------------------------------------------------------------------------|
| osctl.obj           | .bss (362)                  | 0x00000008      | 0x0          | .bss (362)                  | 0x00000008       |
|-------------------------------------------------------------------------------------------------------------------------------------|
| osctl.obj           | .bss (363)                  | 0x00000008      | 0x0          | .bss (363)                  | 0x00000008       |
|-------------------------------------------------------------------------------------------------------------------------------------|
| kernel_cfg.obj      | .bss (264)                  | 0x00000028      | 0x0          | .bss (264)                  | 0x00000028       |
|-------------------------------------------------------------------------------------------------------------------------------------|
| kernel_cfg.obj      | .bss (265)                  | 0x00000028      | 0x0          | .bss (265)                  | 0x00000028       |
|-------------------------------------------------------------------------------------------------------------------------------------|
| kernel_cfg.obj      | .bss (269)                  | 0x00000028      | 0x0          | .bss (269)                  | 0x00000028       |
|-------------------------------------------------------------------------------------------------------------------------------------|
| kernel_cfg.obj      | .bss (270)                  | 0x00000040      | 0x0          | .bss (270)                  | 0x00000040       |
|-------------------------------------------------------------------------------------------------------------------------------------|
| Bridge.obj          | .bss (42)                   | 0x00000004      | 0x0          | .bss (42)                   | 0x00000004       |
|-------------------------------------------------------------------------------------------------------------------------------------|
| Bridge.obj          | .bss (43)                   | 0x00000004      | 0x0          | .bss (43)                   | 0x00000004       |
|-------------------------------------------------------------------------------------------------------------------------------------|
| cpu_context.obj     | .bss (124)                  | 0x00000004      | 0x0          | .bss (124)                  | 0x00000004       |
|-------------------------------------------------------------------------------------------------------------------------------------|
| cpu_context.obj     | .bss (126)                  | 0x00000004      | 0x0          | .bss (126)                  | 0x00000004       |
|-------------------------------------------------------------------------------------------------------------------------------------|
| cpu_context.obj     | .bss (127)                  | 0x00000004      | 0x0          | .bss (127)                  | 0x00000004       |
|-------------------------------------------------------------------------------------------------------------------------------------|
| kernel_cfg.obj      | .bss (268)                  | 0x00000005      | 0x0          | .bss (268)                  | 0x00000005       |
|-------------------------------------------------------------------------------------------------------------------------------------|
| kernel_cfg.obj      | .bss (272)                  | 0x00000008      | 0x0          | .bss (272)                  | 0x00000008       |
|-------------------------------------------------------------------------------------------------------------------------------------|
| kernel_cfg.obj      | .bss (273)                  | 0x00000008      | 0x0          | .bss (273)                  | 0x00000008       |
|-------------------------------------------------------------------------------------------------------------------------------------|
| kernel_cfg.obj      | .bss (274)                  | 0x00000008      | 0x0          | .bss (274)                  | 0x00000008       |
|-------------------------------------------------------------------------------------------------------------------------------------|
| kernel_cfg.obj      | .bss (275)                  | 0x00000008      | 0x0          | .bss (275)                  | 0x00000008       |
|-------------------------------------------------------------------------------------------------------------------------------------|
| task.obj            | .bss (463)                  | 0x00000010      | 0x0          | .bss (463)                  | 0x00000010       |
|-------------------------------------------------------------------------------------------------------------------------------------|
| task.obj            | .bss (464)                  | 0x00000010      | 0x0          | .bss (464)                  | 0x00000010       |
|-------------------------------------------------------------------------------------------------------------------------------------|
| Bridge.obj          | .bss (41)                   | 0x000000a0      | 0x0          | .bss (41)                   | 0x000000a0       |
|-------------------------------------------------------------------------------------------------------------------------------------|
| cpu_context.obj     | .bss (125)                  | 0x00000140      | 0x0          | .bss (125)                  | 0x00000140       |
|-------------------------------------------------------------------------------------------------------------------------------------|
| task.obj            | .bss (465)                  | 0x00000002      | 0x0          | .bss (465)                  | 0x00000002       |
|-------------------------------------------------------------------------------------------------------------------------------------|
| cpu_context.obj     | .bss (121)                  | 0x00000001      | 0x0          | .bss (121)                  | 0x00000001       |
|-------------------------------------------------------------------------------------------------------------------------------------|
| cpu_context.obj     | .bss (122)                  | 0x00000001      | 0x0          | .bss (122)                  | 0x00000001       |
|-------------------------------------------------------------------------------------------------------------------------------------|
| cpu_context.obj     | .bss (123)                  | 0x00000001      | 0x0          | .bss (123)                  | 0x00000001       |
|-------------------------------------------------------------------------------------------------------------------------------------|
| osctl.obj           | .bss (359)                  | 0x00000001      | 0x0          | .bss (359)                  | 0x00000001       |
|-------------------------------------------------------------------------------------------------------------------------------------|
| osctl.obj           | .bss (360)                  | 0x00000001      | 0x0          | .bss (360)                  | 0x00000001       |
|-------------------------------------------------------------------------------------------------------------------------------------|
| task.obj            | .bss (467)                  | 0x00000001      | 0x0          | .bss (467)                  | 0x00000001       |
|-------------------------------------------------------------------------------------------------------------------------------------|
| task.obj            | .bss (468)                  | 0x00000001      | 0x0          | .bss (468)                  | 0x00000001       |
|-------------------------------------------------------------------------------------------------------------------------------------|
| task.obj            | .bss (469)                  | 0x00000001      | 0x0          | .bss (469)                  | 0x00000001       |
|-------------------------------------------------------------------------------------------------------------------------------------|
| kernel_cfg.obj      | .rodata (263)               | 0x00000028      | 0x0          | .rodata (263)               | 0x00000028       |
|-------------------------------------------------------------------------------------------------------------------------------------|
| kernel_cfg.obj      | .rodata (267)               | 0x00000040      | 0x0          | .rodata (267)               | 0x00000040       |
|-------------------------------------------------------------------------------------------------------------------------------------|
| kernel_cfg.obj      | .rodata (266)               | 0x00000005      | 0x0          | .rodata (266)               | 0x00000005       |
|-------------------------------------------------------------------------------------------------------------------------------------|
| kernel_cfg.obj      | .rodata (261)               | 0x00000008      | 0x0          | .rodata (261)               | 0x00000008       |
|-------------------------------------------------------------------------------------------------------------------------------------|
| kernel_cfg.obj      | .rodata (258)               | 0x00000008      | 0x0          | .rodata (258)               | 0x00000008       |
|-------------------------------------------------------------------------------------------------------------------------------------|
| kernel_cfg.obj      | .rodata (259)               | 0x00000008      | 0x0          | .rodata (259)               | 0x00000008       |
|-------------------------------------------------------------------------------------------------------------------------------------|
| kernel_cfg.obj      | .rodata (260)               | 0x00000008      | 0x0          | .rodata (260)               | 0x00000008       |
|-------------------------------------------------------------------------------------------------------------------------------------|
| task.obj            | .rodata (466)               | 0x0000000f      | 0x0          | .rodata (466)               | 0x0000000f       |
|-------------------------------------------------------------------------------------------------------------------------------------|
| kernel_cfg.obj      | .rodata (262)               | 0x00000010      | 0x0          | .rodata (262)               | 0x00000010       |
|-------------------------------------------------------------------------------------------------------------------------------------|
| kernel_cfg.obj      | .rodata (257)               | 0x00000020      | 0x0          | .rodata (257)               | 0x00000020       |
|-------------------------------------------------------------------------------------------------------------------------------------|
| kernel_cfg.obj      | .rodata (271)               | 0x00000020      | 0x0          | .rodata (271)               | 0x00000020       |
|-------------------------------------------------------------------------------------------------------------------------------------|
| cpu_context.obj     | .text (117)                 | 0x00000002      | 0x0          | .text (117)                 | 0x00000002       |
|-------------------------------------------------------------------------------------------------------------------------------------|
| Test_03.obj         | .text (568)                 | 0x00000004      | 0x0          | .text (568)                 | 0x00000004       |
|-------------------------------------------------------------------------------------------------------------------------------------|
| Test_03.obj         | .text (573)                 | 0x00000004      | 0x0          | .text (573)                 | 0x00000004       |
|-------------------------------------------------------------------------------------------------------------------------------------|
| osctl.obj           | .text (357)                 | 0x00000008      | 0x0          | .text (357)                 | 0x00000008       |
|-------------------------------------------------------------------------------------------------------------------------------------|
| birdge_kernel.obj   | .text (16)                  | 0x0000000c      | 0x0          | .text (16)                  | 0x0000000c       |
|-------------------------------------------------------------------------------------------------------------------------------------|
| birdge_kernel.obj   | .text (15)                  | 0x0000000e      | 0x0          | .text (15)                  | 0x0000000e       |
|-------------------------------------------------------------------------------------------------------------------------------------|
| Bridge.obj          | .text (37)                  | 0x00000010      | 0x0          | .text (37)                  | 0x00000010       |
|-------------------------------------------------------------------------------------------------------------------------------------|
| Test_03.obj         | .text (570)                 | 0x00000010      | 0x0          | .text (570)                 | 0x00000010       |
|-------------------------------------------------------------------------------------------------------------------------------------|
| Test_03.obj         | .text (572)                 | 0x00000010      | 0x0          | .text (572)                 | 0x00000010       |
|-------------------------------------------------------------------------------------------------------------------------------------|
| cpu_context.obj     | .text (120)                 | 0x0000001a      | 0x0          | .text (120)                 | 0x0000001a       |
|-------------------------------------------------------------------------------------------------------------------------------------|
| Bridge.obj          | .text (39)                  | 0x0000001a      | 0x0          | .text (39)                  | 0x0000001a       |
|-------------------------------------------------------------------------------------------------------------------------------------|
| main.obj            | .text (343)                 | 0x0000002a      | 0x0          | .text (343)                 | 0x0000002a       |
|-------------------------------------------------------------------------------------------------------------------------------------|
| resource.obj        | .text (408)                 | 0x00000030      | 0x0          | .text (408)                 | 0x00000030       |
|-------------------------------------------------------------------------------------------------------------------------------------|
| osctl.obj           | .text (358)                 | 0x00000030      | 0x0          | .text (358)                 | 0x00000030       |
|-------------------------------------------------------------------------------------------------------------------------------------|
| Test_03.obj         | .text (567)                 | 0x00000034      | 0x0          | .text (567)                 | 0x00000034       |
|-------------------------------------------------------------------------------------------------------------------------------------|
| Test_03.obj         | .text (571)                 | 0x0000003c      | 0x0          | .text (571)                 | 0x0000003c       |
|-------------------------------------------------------------------------------------------------------------------------------------|
| Test_03.obj         | .text (569)                 | 0x00000040      | 0x0          | .text (569)                 | 0x00000040       |
|-------------------------------------------------------------------------------------------------------------------------------------|
| GetTaskID.obj       | .text (210)                 | 0x00000048      | 0x0          | .text (210)                 | 0x00000048       |
|-------------------------------------------------------------------------------------------------------------------------------------|
| task.obj            | .text (462)                 | 0x00000050      | 0x0          | .text (462)                 | 0x00000050       |
|-------------------------------------------------------------------------------------------------------------------------------------|
| Bridge.obj          | .text (38)                  | 0x00000060      | 0x0          | .text (38)                  | 0x00000060       |
|-------------------------------------------------------------------------------------------------------------------------------------|
| task.obj            | .text (455)                 | 0x00000068      | 0x0          | .text (455)                 | 0x00000068       |
|-------------------------------------------------------------------------------------------------------------------------------------|
| Bridge.obj          | .text (40)                  | 0x00000074      | 0x0          | .text (40)                  | 0x00000074       |
|-------------------------------------------------------------------------------------------------------------------------------------|
| task.obj            | .text (461)                 | 0x00000078      | 0x0          | .text (461)                 | 0x00000078       |
|-------------------------------------------------------------------------------------------------------------------------------------|
| GetTaskState.obj    | .text (224)                 | 0x00000080      | 0x0          | .text (224)                 | 0x00000080       |
|-------------------------------------------------------------------------------------------------------------------------------------|
| task.obj            | .text (457)                 | 0x00000080      | 0x0          | .text (457)                 | 0x00000080       |
|-------------------------------------------------------------------------------------------------------------------------------------|
| ClearEvent.obj      | .text (100)                 | 0x0000009c      | 0x0          | .text (100)                 | 0x0000009c       |
|-------------------------------------------------------------------------------------------------------------------------------------|
| GetEvent.obj        | .text (182)                 | 0x000000a4      | 0x0          | .text (182)                 | 0x000000a4       |
|-------------------------------------------------------------------------------------------------------------------------------------|
| ActivateTask.obj    | .text (1)                   | 0x000000a8      | 0x0          | .text (1)                   | 0x000000a8       |
|-------------------------------------------------------------------------------------------------------------------------------------|
| task.obj            | .text (460)                 | 0x000000ac      | 0x0          | .text (460)                 | 0x000000ac       |
|-------------------------------------------------------------------------------------------------------------------------------------|
| Schedule.obj        | .text (421)                 | 0x000000b4      | 0x0          | .text (421)                 | 0x000000b4       |
|-------------------------------------------------------------------------------------------------------------------------------------|
| TerminateTask.obj   | .text (544)                 | 0x000000b8      | 0x0          | .text (544)                 | 0x000000b8       |
|-------------------------------------------------------------------------------------------------------------------------------------|
| task.obj            | .text (456)                 | 0x000000bc      | 0x0          | .text (456)                 | 0x000000bc       |
|-------------------------------------------------------------------------------------------------------------------------------------|
| task.obj            | .text (458)                 | 0x000000c8      | 0x0          | .text (458)                 | 0x000000c8       |
|-------------------------------------------------------------------------------------------------------------------------------------|
| task.obj            | .text (459)                 | 0x000000d8      | 0x0          | .text (459)                 | 0x000000d8       |
|-------------------------------------------------------------------------------------------------------------------------------------|
| cpu_context.obj     | .text (119)                 | 0x00000100      | 0x0          | .text (119)                 | 0x00000100       |
|-------------------------------------------------------------------------------------------------------------------------------------|
| SetEvent.obj        | .text (438)                 | 0x0000011c      | 0x0          | .text (438)                 | 0x0000011c       |
|-------------------------------------------------------------------------------------------------------------------------------------|
| cpu_context.obj     | .text (118)                 | 0x0000011c      | 0x0          | .text (118)                 | 0x0000011c       |
|-------------------------------------------------------------------------------------------------------------------------------------|
| ReleaseResource.obj | .text (394)                 | 0x00000128      | 0x0          | .text (394)                 | 0x00000128       |
|-------------------------------------------------------------------------------------------------------------------------------------|
| ChainTask.obj       | .text (86)                  | 0x00000130      | 0x0          | .text (86)                  | 0x00000130       |
|-------------------------------------------------------------------------------------------------------------------------------------|
| GetResource.obj     | .text (196)                 | 0x0000013c      | 0x0          | .text (196)                 | 0x0000013c       |
|-------------------------------------------------------------------------------------------------------------------------------------|
| WaitEvent.obj       | .text (632)                 | 0x00000160      | 0x0          | .text (632)                 | 0x00000160       |
|-------------------------------------------------------------------------------------------------------------------------------------|
| hsm_startup.obj     | .text.Default_Handler (241) | 0x00000014      | 0x0          | .text.Default_Handler (241) | 0x00000014       |
|-------------------------------------------------------------------------------------------------------------------------------------|
| hsm_startup.obj     | .text.Reset_Handler (239)   | 0x000000cc      | 0x0          | .text.Reset_Handler (239)   | 0x000000cc       |
|-------------------------------------------------------------------------------------------------------------------------------------|
| hsm_startup.obj     | .text.startupMacros (238)   | 0x0000001a      | 0x0          | .text.startupMacros (238)   | 0x0000001a       |
|-------------------------------------------------------------------------------------------------------------------------------------|
| hsm_startup.obj     | .text.vector_handlers (240) | 0x00000068      | 0x0          | .text.vector_handlers (240) | 0x00000068       |
+-------------------------------------------------------------------------------------------------------------------------------------+


********************************************************************************  Cross References  ********************************************************************************
+----------------------------------------------------------------------------------------------------------------------------------------------------------------------------------+
| Definition file     | Definition section | Symbol              | Referenced in                                                                                                   |
|==================================================================================================================================================================================|
| ActivateTask.obj    | Os_TEXT (658)      | ActivateTask        | Test_03.obj                                                                                                     |
| Bridge.obj          | Os_TEXT (658)      | get_bridge_buffer   | birdge_kernel.obj                                                                                               |
| Bridge.obj          | Os_TEXT (658)      | send_bridge_buffer  | birdge_kernel.obj                                                                                               |
| ChainTask.obj       | Os_TEXT (658)      | ChainTask           | Test_03.obj                                                                                                     |
| GetResource.obj     | Os_TEXT (658)      | GetResource         | Test_03.obj                                                                                                     |
| ReleaseResource.obj | Os_TEXT (658)      | ReleaseResource     | Test_03.obj                                                                                                     |
| Schedule.obj        | Os_TEXT (658)      | Schedule            | Test_03.obj                                                                                                     |
| TerminateTask.obj   | Os_TEXT (658)      | TerminateTask       | cpu_context.obj, Test_03.obj                                                                                    |
| Test_03.obj         | Os_TEXT (658)      | OSEK_TASK_E1        | kernel_cfg.obj                                                                                                  |
| Test_03.obj         | Os_TEXT (658)      | OSEK_TASK_E2        | kernel_cfg.obj                                                                                                  |
| Test_03.obj         | Os_TEXT (658)      | OSEK_TASK_H2        | kernel_cfg.obj                                                                                                  |
| Test_03.obj         | Os_TEXT (658)      | OSEK_TASK_L1        | kernel_cfg.obj                                                                                                  |
| Test_03.obj         | Os_TEXT (658)      | OSEK_TASK_L2        | kernel_cfg.obj                                                                                                  |
| Test_03.obj         | Os_TEXT (658)      | OSEK_TASK_M1        | kernel_cfg.obj                                                                                                  |
| Test_03.obj         | Os_TEXT (658)      | OSEK_TASK_M2        | kernel_cfg.obj                                                                                                  |
| WaitEvent.obj       | Os_TEXT (658)      | WaitEvent           | Test_03.obj                                                                                                     |
| cpu_context.obj     | Os_TEXT (658)      | HW_dispatch         | task.obj                                                                                                        |
| cpu_context.obj     | Os_TEXT (658)      | PendSV_Handler      | hsm_startup.obj                                                                                                 |
| cpu_context.obj     | Os_TEXT (658)      | SVC_Handler         | hsm_startup.obj                                                                                                 |
| hsm_startup.obj     | Os_TEXT (658)      | Reset_Handler       | , main.obj                                                                                                      |
| kernel_cfg.obj      | Os_BSS (662)       | rescb_prevpri       | GetResource.obj, ReleaseResource.obj, resource.obj, task.obj                                                    |
| kernel_cfg.obj      | Os_BSS (662)       | rescb_prevres       | GetResource.obj, ReleaseResource.obj, task.obj                                                                  |
| kernel_cfg.obj      | Os_BSS (662)       | tcb_actcnt          | ActivateTask.obj, ChainTask.obj, task.obj, TerminateTask.obj                                                    |
| kernel_cfg.obj      | Os_BSS (662)       | tcb_curevt          | ClearEvent.obj, GetEvent.obj, SetEvent.obj, task.obj, WaitEvent.obj                                             |
| kernel_cfg.obj      | Os_BSS (662)       | tcb_curpri          | GetResource.obj, ReleaseResource.obj, Schedule.obj, task.obj, WaitEvent.obj                                     |
| kernel_cfg.obj      | Os_BSS (662)       | tcb_lastres         | ChainTask.obj, GetResource.obj, ReleaseResource.obj, Schedule.obj, task.obj, TerminateTask.obj, WaitEvent.obj   |
| kernel_cfg.obj      | Os_BSS (662)       | tcb_next            | task.obj                                                                                                        |
| kernel_cfg.obj      | Os_BSS (662)       | tcb_tstat           | ActivateTask.obj, ChainTask.obj, GetEvent.obj, GetTaskState.obj, SetEvent.obj, task.obj                         |
| kernel_cfg.obj      | Os_BSS (662)       | tcb_waievt          | SetEvent.obj, task.obj, WaitEvent.obj                                                                           |
| kernel_cfg.obj      | Os_CONST (659)     | resinib_ceilpri     | GetResource.obj, ReleaseResource.obj                                                                            |
| kernel_cfg.obj      | Os_CONST (659)     | resinib_mskres      | GetResource.obj                                                                                                 |
| kernel_cfg.obj      | Os_CONST (659)     | tinib_autoact       | task.obj                                                                                                        |
| kernel_cfg.obj      | Os_CONST (659)     | tinib_exepri        | task.obj, WaitEvent.obj                                                                                         |
| kernel_cfg.obj      | Os_CONST (659)     | tinib_inipri        | GetResource.obj, ReleaseResource.obj, Schedule.obj, task.obj, WaitEvent.obj                                     |
| kernel_cfg.obj      | Os_CONST (659)     | tinib_maxact        | ActivateTask.obj, ChainTask.obj                                                                                 |
| kernel_cfg.obj      | Os_CONST (659)     | tinib_mskevt        | SetEvent.obj, WaitEvent.obj                                                                                     |
| kernel_cfg.obj      | Os_CONST (659)     | tinib_stk           | cpu_context.obj                                                                                                 |
| kernel_cfg.obj      | Os_CONST (659)     | tinib_task          | cpu_context.obj                                                                                                 |
| main.obj            | Os_TEXT (658)      | main                | hsm_startup.obj                                                                                                 |
| osctl.obj           | Os_BSS (662)       | _errorhook_par1     | ActivateTask.obj, ChainTask.obj, ClearEvent.obj, GetEvent.obj, GetResource.obj, GetTaskState.obj,               |
|                     |                    |                     | ReleaseResource.obj, SetEvent.obj, WaitEvent.obj                                                                |
| osctl.obj           | Os_BSS (662)       | _errorhook_par2     | GetEvent.obj, GetTaskState.obj, SetEvent.obj                                                                    |
| osctl.obj           | Os_BSS (662)       | callevel            | ActivateTask.obj, ChainTask.obj, ClearEvent.obj, GetEvent.obj, GetResource.obj, GetTaskID.obj,                  |
|                     |                    |                     | GetTaskState.obj, ReleaseResource.obj, Schedule.obj, SetEvent.obj, task.obj, TerminateTask.obj, WaitEvent.obj   |
| osctl.obj           | Os_TEXT (658)      | call_errorhook      | ActivateTask.obj, ChainTask.obj, ClearEvent.obj, GetEvent.obj, GetResource.obj, GetTaskID.obj,                  |
|                     |                    |                     | GetTaskState.obj, ReleaseResource.obj, Schedule.obj, SetEvent.obj, TerminateTask.obj, WaitEvent.obj             |
| resource.obj        | Os_TEXT (658)      | resource_initialize | main.obj                                                                                                        |
| task.obj            | Os_BSS (662)       | nextpri             | ReleaseResource.obj, Schedule.obj                                                                               |
| task.obj            | Os_BSS (662)       | runtsk              | ChainTask.obj, ClearEvent.obj, GetResource.obj, GetTaskID.obj, GetTaskState.obj, ReleaseResource.obj,           |
|                     |                    |                     | Schedule.obj, TerminateTask.obj, WaitEvent.obj                                                                  |
| task.obj            | Os_TEXT (658)      | dispatch            | ActivateTask.obj, ReleaseResource.obj, Schedule.obj, SetEvent.obj, WaitEvent.obj                                |
| task.obj            | Os_TEXT (658)      | exit_and_dispatch   | ChainTask.obj, TerminateTask.obj                                                                                |
| task.obj            | Os_TEXT (658)      | make_active         | ActivateTask.obj, ChainTask.obj, TerminateTask.obj                                                              |
| task.obj            | Os_TEXT (658)      | make_runnable       | SetEvent.obj                                                                                                    |
| task.obj            | Os_TEXT (658)      | preempt             | ReleaseResource.obj, Schedule.obj                                                                               |
| task.obj            | Os_TEXT (658)      | res_recovery        | ChainTask.obj, TerminateTask.obj                                                                                |
| task.obj            | Os_TEXT (658)      | search_schedtsk     | ChainTask.obj, ReleaseResource.obj, Schedule.obj, TerminateTask.obj, WaitEvent.obj                              |
| task.obj            | Os_TEXT (658)      | task_initialize     | main.obj                                                                                                        |
+----------------------------------------------------------------------------------------------------------------------------------------------------------------------------------+


***********************************************************************************  Call Graph  ***********************************************************************************
SetEvent [12,48]
|
+-- call_errorhook *
|
+-- dispatch *R
|
+-- make_runnable *

* make_runnable [12,12]
|
+-- preempt *

* preempt [0,0]

*R dispatch [4,36]
|
+-- HW_dispatch *R

*R HW_dispatch [8,32]
|
+-- __INDIRECT__ *R
|
+-- TerminateTask *R

*R TerminateTask [8,24]
|
+-- call_errorhook *
|
+-- make_active *
|
+-- exit_and_dispatch *R
|
+-- res_recovery *
|
+-- search_schedtsk *

* search_schedtsk [4,4]

* res_recovery [0,0]

*R exit_and_dispatch [4,4]
|
+-- HW_dispatch *R

* make_active [4,16]
|
+-- make_runnable *

*R __INDIRECT__ [0,56]
|
+-- OSEK_TASK_H1 [0,0]
|
+-- OSEK_TASK_L1 [4,48]
|   |
|   +-- ActivateTask *R
|   |
|   +-- GetResource *
|   |
|   +-- ReleaseResource *
|   |
|   +-- TerminateTask *R
|
+-- OSEK_TASK_M1 [4,48]
|   |
|   +-- ChainTask [12,28]
|   |   |
|   |   +-- call_errorhook *
|   |   |
|   |   +-- make_active *
|   |   |
|   |   +-- exit_and_dispatch *R
|   |   |
|   |   +-- res_recovery *
|   |   |
|   |   +-- search_schedtsk *
|   |
|   +-- GetResource *
|   |
|   +-- ReleaseResource *
|
+-- OSEK_TASK_M2 [4,28]
|   |
|   +-- TerminateTask *R
|
+-- OSEK_TASK_H2 [4,56]
|   |
|   +-- ActivateTask *R
|   |
|   +-- GetResource *
|   |
|   +-- ReleaseResource *
|   |
|   +-- Schedule [8,44]
|   |   |
|   |   +-- call_errorhook *
|   |   |
|   |   +-- dispatch *R
|   |   |
|   |   +-- preempt *
|   |   |
|   |   +-- search_schedtsk *
|   |
|   +-- TerminateTask *R
|   |
|   +-- WaitEvent [16,52]
|       |
|       +-- call_errorhook *
|       |
|       +-- dispatch *R
|       |
|       +-- search_schedtsk *
|
+-- OSEK_TASK_E1 [4,28]
|   |
|   +-- TerminateTask *R
|
+-- OSEK_TASK_L2 [0,0]
|
+-- OSEK_TASK_E2 [0,0]

* ReleaseResource [8,44]
|
+-- call_errorhook *
|
+-- dispatch *R
|
+-- preempt *
|
+-- search_schedtsk *

* GetResource [12,20]
|
+-- call_errorhook *

*R ActivateTask [8,44]
|
+-- call_errorhook *
|
+-- make_active *
|
+-- dispatch *R

* call_errorhook [8,8]
|
+-- ErrorHook [0,0]

main [4,48]
|
+-- resource_initialize [0,0]
|
+-- task_initialize [8,44]
    |
    +-- make_active *
    |
    +-- dispatch *R

GetTaskState [8,16]
|
+-- call_errorhook *

GetTaskID [8,16]
|
+-- call_errorhook *

GetEvent [8,16]
|
+-- call_errorhook *

PendSV_Handler [0,0]

Initalize_Context [0,0]

SVC_Handler [8,64]
|
+-- __INDIRECT__ *R
|
+-- TerminateTask *R

ClearEvent [12,20]
|
+-- call_errorhook *

BridgeSV_Handler_ISR [4,4]

init_bridge [0,0]

SendData [4,4]
|
+-- send_bridge_buffer [0,0]

GetData [4,4]
|
+-- get_bridge_buffer [0,0]


Note:

+------------------------------------------------------------------------------------------------------------------------------------------------------------------------+
| *         | The function has a separate tree since it has 2 or more callers.                                                                                           |
| R         | This function is part of a recursive call chain. If both a leaf and the root of a tree are marked this way, all nodes in between are in a recursive chain. |
| [<s>,<a>] | The stack usage by the function itself (<s>) and the stack usage by the function and all its callees (<a>).                                                |
+------------------------------------------------------------------------------------------------------------------------------------------------------------------------+


************************************************************************************  Overlay  *************************************************************************************


*********************************************************************************  Locate Result  **********************************************************************************

* Task entry address
=====================
+------------------------+
| symbol | Reset_Handler |
+------------------------+

* Sections
===========

+ Space ARM:ARM:linear (MAU = 8bit)

+-------------------------------------------------------------------------------------------------+
| Chip  | Group          | Section            | Size (MAU) | Space addr | Chip addr  | Alignment  |
|=================================================================================================|
| SRAM  | MainStackGroup | stack (654)        | 0x00000800 | 0x20000000 | 0x0        | 0x00000004 |
| SRAM  | STACK_T0       | OS_BSS_T0 (663)    | 0x00000400 | 0x20000800 | 0x00000800 | 0x00000020 |
| SRAM  | STACK_T1       | OS_BSS_T1 (664)    | 0x00000400 | 0x20000c00 | 0x00000c00 | 0x00000020 |
| SRAM  | STACK_T2       | OS_BSS_T2 (665)    | 0x00000400 | 0x20001000 | 0x00001000 | 0x00000020 |
| SRAM  | STACK_T3       | OS_BSS_T3 (666)    | 0x00000400 | 0x20001400 | 0x00001400 | 0x00000020 |
| SRAM  | STACK_T4       | OS_BSS_T4 (667)    | 0x00000400 | 0x20001800 | 0x00001800 | 0x00000020 |
| SRAM  | STACK_T5       | OS_BSS_T5 (668)    | 0x00000400 | 0x20001c00 | 0x00001c00 | 0x00000020 |
| SRAM  | STACK_T6       | OS_BSS_T6 (669)    | 0x00000400 | 0x20002000 | 0x00002000 | 0x00000020 |
| SRAM  | STACK_T7       | OS_BSS_T7 (670)    | 0x00000400 | 0x20002400 | 0x00002400 | 0x00000020 |
| SRAM  | Bss_Group      | Os_BSS (662)       | 0x00000320 | 0x20002800 | 0x00002800 | 0x00000020 |
| SRAM  | Data_Group_RAM | Os_DATA_Init (661) | 0x00000020 | 0x20002b20 | 0x00002b20 | 0x00000020 |
| Flash | ivt_Group      | vector_table (657) | 0x00000080 | 0x8003c000 | 0x0        | 0x00000020 |
| Flash | Code_Group     | Os_TEXT (658)      | 0x000014c0 | 0x8003c080 | 0x00000080 | 0x00000020 |
| Flash | Const_Group    | Os_CONST (659)     | 0x00000100 | 0x8003d540 | 0x00001540 | 0x00000020 |
| Flash | Data_Group_ROM | Os_DATA_Init (660) | 0x00000020 | 0x8003d640 | 0x00001640 | 0x00000020 |
+-------------------------------------------------------------------------------------------------+

* Symbols (sorted on name)
===========================
+-------------------------------------------------------+
| Name                    | Space addr | Space          |
|=======================================================|
| BusFault_Handler        | 0x0        | -              |
| DebugMon_Handler        | 0x0        |                |
| HardFault_Handler       | 0x0        |                |
| MemManage_Handler       | 0x0        |                |
| NMI_Handler             | 0x0        |                |
| OSEK_TASK_H1            | 0x0        |                |
| SysTick_Handler         | 0x0        |                |
| UsageFault_Handler      | 0x0        |                |
| __INDIRECT__            | 0x0        |                |
|-------------------------------------------------------|
| $d.stack                | 0x20000000 | ARM:ARM:linear |
| ActivateTask            | 0x8003c6e1 |                |
| BridgeSV_Handler_ISR    | 0x8003c3b5 |                |
| ChainTask               | 0x8003d05d |                |
| ClearEvent              | 0x8003c5a1 |                |
| Default_Handler         | 0x8003d429 |                |
| ErrorHook               | 0x8003c08d |                |
| GetData                 | 0x8003c0a1 |                |
| GetEvent                | 0x8003c63d |                |
| GetResource             | 0x8003d18d |                |
| GetTaskID               | 0x8003c255 |                |
| GetTaskState            | 0x8003c4a1 |                |
| HW_dispatch             | 0x8003ce19 |                |
| Initalize_Context       | 0x8003c081 |                |
| NEW_TASK                | 0x20002b0f |                |
| OLD_TASK                | 0x20002b0e |                |
| OSEK_TASK_E1            | 0x8003c0d1 |                |
| OSEK_TASK_E2            | 0x8003c089 |                |
| OSEK_TASK_H2            | 0x8003c1d9 |                |
| OSEK_TASK_L1            | 0x8003c1a5 |                |
| OSEK_TASK_L2            | 0x8003c085 |                |
| OSEK_TASK_M1            | 0x8003c215 |                |
| OSEK_TASK_M2            | 0x8003c0c1 |                |
| OS_BSS_END              | 0x20002b20 |                |
| OS_BSS_START            | 0x20002800 |                |
| OS_DATA_END             | 0x8003d660 |                |
| OS_DATA_RAM_START       | 0x20002b20 |                |
| OS_DATA_START           | 0x8003d640 |                |
| Osek_NewTaskPtr_Arch    | 0x200028dc |                |
| Osek_OldTaskPtr_Arch    | 0x200028e0 |                |
| Osek_newTask_start_code | 0x200028d8 |                |
| PendSV_Handler          | 0x8003c0e1 |                |
| ReleaseResource         | 0x8003cf35 |                |
| Reset_Handler           | 0x8003d43d |                |
| SVC_Handler             | 0x8003cbfd |                |
| Schedule                | 0x8003c835 |                |
| SendData                | 0x8003c095 |                |
| SetEvent                | 0x8003ccfd |                |
| TerminateTask           | 0x8003c8e9 |                |
| WaitEvent               | 0x8003d2c9 |                |
| _errorhook_par1         | 0x20002800 |                |
| _errorhook_par2         | 0x20002808 |                |
| _errorhook_par3         | 0x20002810 |                |
| _errorhook_svcid        | 0x20002b12 |                |
| _lc_gb_Bss_Group        | 0x20002800 |                |
| _lc_gb_Code_Group       | 0x8003c080 |                |
| _lc_gb_Const_Group      | 0x8003d540 |                |
| _lc_gb_Data_Group_RAM   | 0x20002b20 |                |
| _lc_gb_Data_Group_ROM   | 0x8003d640 |                |
| _lc_gb_MainStackGroup   | 0x20000000 |                |
| _lc_gb_STACK_T0         | 0x20000800 |                |
| _lc_gb_STACK_T1         | 0x20000c00 |                |
| _lc_gb_STACK_T2         | 0x20001000 |                |
| _lc_gb_STACK_T3         | 0x20001400 |                |
| _lc_gb_STACK_T4         | 0x20001800 |                |
| _lc_gb_STACK_T5         | 0x20001c00 |                |
| _lc_gb_STACK_T6         | 0x20002000 |                |
| _lc_gb_STACK_T7         | 0x20002400 |                |
| _lc_gb_ivt_Group        | 0x8003c000 |                |
| _lc_ge_Bss_Group        | 0x20002b20 |                |
| _lc_ge_Code_Group       | 0x8003d540 |                |
| _lc_ge_Const_Group      | 0x8003d640 |                |
| _lc_ge_Data_Group_RAM   | 0x20002b40 |                |
| _lc_ge_Data_Group_ROM   | 0x8003d660 |                |
| _lc_ge_MainStackGroup   | 0x20000800 |                |
| _lc_ge_STACK_T0         | 0x20000c00 |                |
| _lc_ge_STACK_T1         | 0x20001000 |                |
| _lc_ge_STACK_T2         | 0x20001400 |                |
| _lc_ge_STACK_T3         | 0x20001800 |                |
| _lc_ge_STACK_T4         | 0x20001c00 |                |
| _lc_ge_STACK_T5         | 0x20002000 |                |
| _lc_ge_STACK_T6         | 0x20002400 |                |
| _lc_ge_STACK_T7         | 0x20002800 |                |
| _lc_ge_ivt_Group        | 0x8003c080 |                |
| _lc_ub_stack            | 0x20000800 |                |
| _lc_ub_vector_table     | 0x8003c000 |                |
| _lc_vtor_value          | 0x8003c000 |                |
| buffer                  | 0x2000292c |                |
| call_errorhook          | 0x8003c175 |                |
| callevel                | 0x20002b11 |                |
| dispatch                | 0x8003c789 |                |
| exit_and_dispatch       | 0x8003c429 |                |
| front                   | 0x200028d0 |                |
| get_bridge_buffer       | 0x8003c2ed |                |
| init_bridge             | 0x8003c0b1 |                |
| main                    | 0x8003c119 |                |
| make_active             | 0x8003c521 |                |
| make_runnable           | 0x8003ca5d |                |
| nextpri                 | 0x20002b15 |                |
| preempt                 | 0x8003c29d |                |
| ready_queue_first       | 0x2000290c |                |
| ready_queue_last        | 0x2000291c |                |
| rear                    | 0x200028d4 |                |
| res_recovery            | 0x8003c34d |                |
| rescb_prevpri           | 0x200028e4 |                |
| rescb_prevres           | 0x20002868 |                |
| resinib_ceilpri         | 0x8003d5a8 |                |
| resinib_mskres          | 0x8003d568 |                |
| resource_initialize     | 0x8003c145 |                |
| runtsk                  | 0x20002b13 |                |
| schedtsk                | 0x20002b14 |                |
| search_schedtsk         | 0x8003cb25 |                |
| send_bridge_buffer      | 0x8003c0fd |                |
| stack_area_T0           | 0x20000800 |                |
| stack_area_T1           | 0x20000c00 |                |
| stack_area_T2           | 0x20001000 |                |
| stack_area_T3           | 0x20001400 |                |
| stack_area_T4           | 0x20001800 |                |
| stack_area_T5           | 0x20001c00 |                |
| stack_area_T6           | 0x20002000 |                |
| stack_area_T7           | 0x20002400 |                |
| status                  | 0x20002b10 |                |
| task_initialize         | 0x8003c9a1 |                |
| tcb_actcnt              | 0x20002904 |                |
| tcb_context_var         | 0x200029cc |                |
| tcb_curevt              | 0x20002818 |                |
| tcb_curpri              | 0x200028fc |                |
| tcb_lastres             | 0x20002890 |                |
| tcb_next                | 0x200028ec |                |
| tcb_tstat               | 0x200028f4 |                |
| tcb_waievt              | 0x20002840 |                |
| tinib_autoact           | 0x8003d5b0 |                |
| tinib_exepri            | 0x8003d5c0 |                |
| tinib_inipri            | 0x8003d5b8 |                |
| tinib_maxact            | 0x8003d5c8 |                |
| tinib_mskevt            | 0x8003d540 |                |
| tinib_stk               | 0x8003d610 |                |
| tinib_stksz             | 0x8003d5e0 |                |
| tinib_task              | 0x8003d5f0 |                |
+-------------------------------------------------------+

* Symbols (sorted on address)
==============================
+-------------------------------------------------------+
| Space addr | Name                    | Space          |
|=======================================================|
| 0x0        | BusFault_Handler        | -              |
| 0x0        | DebugMon_Handler        |                |
| 0x0        | HardFault_Handler       |                |
| 0x0        | MemManage_Handler       |                |
| 0x0        | NMI_Handler             |                |
| 0x0        | OSEK_TASK_H1            |                |
| 0x0        | SysTick_Handler         |                |
| 0x0        | UsageFault_Handler      |                |
| 0x0        | __INDIRECT__            |                |
|-------------------------------------------------------|
| 0x20000000 | $d.stack                | ARM:ARM:linear |
| 0x20000000 | _lc_gb_MainStackGroup   |                |
| 0x20000800 | _lc_gb_STACK_T0         |                |
| 0x20000800 | _lc_ge_MainStackGroup   |                |
| 0x20000800 | _lc_ub_stack            |                |
| 0x20000800 | stack_area_T0           |                |
| 0x20000c00 | _lc_gb_STACK_T1         |                |
| 0x20000c00 | _lc_ge_STACK_T0         |                |
| 0x20000c00 | stack_area_T1           |                |
| 0x20001000 | _lc_gb_STACK_T2         |                |
| 0x20001000 | _lc_ge_STACK_T1         |                |
| 0x20001000 | stack_area_T2           |                |
| 0x20001400 | _lc_gb_STACK_T3         |                |
| 0x20001400 | _lc_ge_STACK_T2         |                |
| 0x20001400 | stack_area_T3           |                |
| 0x20001800 | _lc_gb_STACK_T4         |                |
| 0x20001800 | _lc_ge_STACK_T3         |                |
| 0x20001800 | stack_area_T4           |                |
| 0x20001c00 | _lc_gb_STACK_T5         |                |
| 0x20001c00 | _lc_ge_STACK_T4         |                |
| 0x20001c00 | stack_area_T5           |                |
| 0x20002000 | _lc_gb_STACK_T6         |                |
| 0x20002000 | _lc_ge_STACK_T5         |                |
| 0x20002000 | stack_area_T6           |                |
| 0x20002400 | _lc_gb_STACK_T7         |                |
| 0x20002400 | _lc_ge_STACK_T6         |                |
| 0x20002400 | stack_area_T7           |                |
| 0x20002800 | OS_BSS_START            |                |
| 0x20002800 | _errorhook_par1         |                |
| 0x20002800 | _lc_gb_Bss_Group        |                |
| 0x20002800 | _lc_ge_STACK_T7         |                |
| 0x20002808 | _errorhook_par2         |                |
| 0x20002810 | _errorhook_par3         |                |
| 0x20002818 | tcb_curevt              |                |
| 0x20002840 | tcb_waievt              |                |
| 0x20002868 | rescb_prevres           |                |
| 0x20002890 | tcb_lastres             |                |
| 0x200028d0 | front                   |                |
| 0x200028d4 | rear                    |                |
| 0x200028d8 | Osek_newTask_start_code |                |
| 0x200028dc | Osek_NewTaskPtr_Arch    |                |
| 0x200028e0 | Osek_OldTaskPtr_Arch    |                |
| 0x200028e4 | rescb_prevpri           |                |
| 0x200028ec | tcb_next                |                |
| 0x200028f4 | tcb_tstat               |                |
| 0x200028fc | tcb_curpri              |                |
| 0x20002904 | tcb_actcnt              |                |
| 0x2000290c | ready_queue_first       |                |
| 0x2000291c | ready_queue_last        |                |
| 0x2000292c | buffer                  |                |
| 0x200029cc | tcb_context_var         |                |
| 0x20002b0e | OLD_TASK                |                |
| 0x20002b0f | NEW_TASK                |                |
| 0x20002b10 | status                  |                |
| 0x20002b11 | callevel                |                |
| 0x20002b12 | _errorhook_svcid        |                |
| 0x20002b13 | runtsk                  |                |
| 0x20002b14 | schedtsk                |                |
| 0x20002b15 | nextpri                 |                |
| 0x20002b20 | OS_BSS_END              |                |
| 0x20002b20 | OS_DATA_RAM_START       |                |
| 0x20002b20 | _lc_gb_Data_Group_RAM   |                |
| 0x20002b20 | _lc_ge_Bss_Group        |                |
| 0x20002b40 | _lc_ge_Data_Group_RAM   |                |
| 0x8003c000 | _lc_gb_ivt_Group        |                |
| 0x8003c000 | _lc_ub_vector_table     |                |
| 0x8003c000 | _lc_vtor_value          |                |
| 0x8003c080 | _lc_gb_Code_Group       |                |
| 0x8003c080 | _lc_ge_ivt_Group        |                |
| 0x8003c081 | Initalize_Context       |                |
| 0x8003c085 | OSEK_TASK_L2            |                |
| 0x8003c089 | OSEK_TASK_E2            |                |
| 0x8003c08d | ErrorHook               |                |
| 0x8003c095 | SendData                |                |
| 0x8003c0a1 | GetData                 |                |
| 0x8003c0b1 | init_bridge             |                |
| 0x8003c0c1 | OSEK_TASK_M2            |                |
| 0x8003c0d1 | OSEK_TASK_E1            |                |
| 0x8003c0e1 | PendSV_Handler          |                |
| 0x8003c0fd | send_bridge_buffer      |                |
| 0x8003c119 | main                    |                |
| 0x8003c145 | resource_initialize     |                |
| 0x8003c175 | call_errorhook          |                |
| 0x8003c1a5 | OSEK_TASK_L1            |                |
| 0x8003c1d9 | OSEK_TASK_H2            |                |
| 0x8003c215 | OSEK_TASK_M1            |                |
| 0x8003c255 | GetTaskID               |                |
| 0x8003c29d | preempt                 |                |
| 0x8003c2ed | get_bridge_buffer       |                |
| 0x8003c34d | res_recovery            |                |
| 0x8003c3b5 | BridgeSV_Handler_ISR    |                |
| 0x8003c429 | exit_and_dispatch       |                |
| 0x8003c4a1 | GetTaskState            |                |
| 0x8003c521 | make_active             |                |
| 0x8003c5a1 | ClearEvent              |                |
| 0x8003c63d | GetEvent                |                |
| 0x8003c6e1 | ActivateTask            |                |
| 0x8003c789 | dispatch                |                |
| 0x8003c835 | Schedule                |                |
| 0x8003c8e9 | TerminateTask           |                |
| 0x8003c9a1 | task_initialize         |                |
| 0x8003ca5d | make_runnable           |                |
| 0x8003cb25 | search_schedtsk         |                |
| 0x8003cbfd | SVC_Handler             |                |
| 0x8003ccfd | SetEvent                |                |
| 0x8003ce19 | HW_dispatch             |                |
| 0x8003cf35 | ReleaseResource         |                |
| 0x8003d05d | ChainTask               |                |
| 0x8003d18d | GetResource             |                |
| 0x8003d2c9 | WaitEvent               |                |
| 0x8003d429 | Default_Handler         |                |
| 0x8003d43d | Reset_Handler           |                |
| 0x8003d540 | _lc_gb_Const_Group      |                |
| 0x8003d540 | _lc_ge_Code_Group       |                |
| 0x8003d540 | tinib_mskevt            |                |
| 0x8003d568 | resinib_mskres          |                |
| 0x8003d5a8 | resinib_ceilpri         |                |
| 0x8003d5b0 | tinib_autoact           |                |
| 0x8003d5b8 | tinib_inipri            |                |
| 0x8003d5c0 | tinib_exepri            |                |
| 0x8003d5c8 | tinib_maxact            |                |
| 0x8003d5e0 | tinib_stksz             |                |
| 0x8003d5f0 | tinib_task              |                |
| 0x8003d610 | tinib_stk               |                |
| 0x8003d640 | OS_DATA_START           |                |
| 0x8003d640 | _lc_gb_Data_Group_ROM   |                |
| 0x8003d640 | _lc_ge_Const_Group      |                |
| 0x8003d660 | OS_DATA_END             |                |
| 0x8003d660 | _lc_ge_Data_Group_ROM   |                |
+-------------------------------------------------------+

* Combined sections
====================
+-----------------------------------------------------------------------------------+
| [in] Section                | [in] Size (MAU) | [out] Offset | [out] Section      |
|===================================================================================|
| .bss.T0_STACK (276)         | 0x00000400      | 0x0          | OS_BSS_T0 (663)    |
|-----------------------------------------------------------------------------------|
| .bss.T1_STACK (277)         | 0x00000400      | 0x0          | OS_BSS_T1 (664)    |
|-----------------------------------------------------------------------------------|
| .bss.T2_STACK (278)         | 0x00000400      | 0x0          | OS_BSS_T2 (665)    |
|-----------------------------------------------------------------------------------|
| .bss.T3_STACK (279)         | 0x00000400      | 0x0          | OS_BSS_T3 (666)    |
|-----------------------------------------------------------------------------------|
| .bss.T4_STACK (280)         | 0x00000400      | 0x0          | OS_BSS_T4 (667)    |
|-----------------------------------------------------------------------------------|
| .bss.T5_STACK (281)         | 0x00000400      | 0x0          | OS_BSS_T5 (668)    |
|-----------------------------------------------------------------------------------|
| .bss.T6_STACK (282)         | 0x00000400      | 0x0          | OS_BSS_T6 (669)    |
|-----------------------------------------------------------------------------------|
| .bss.T7_STACK (283)         | 0x00000400      | 0x0          | OS_BSS_T7 (670)    |
|-----------------------------------------------------------------------------------|
| .bss (361)                  | 0x00000008      | 0x0          | Os_BSS (662)       |
| .bss (362)                  | 0x00000008      | 0x00000008   |                    |
| .bss (363)                  | 0x00000008      | 0x00000010   |                    |
| .bss (264)                  | 0x00000028      | 0x00000018   |                    |
| .bss (265)                  | 0x00000028      | 0x00000040   |                    |
| .bss (269)                  | 0x00000028      | 0x00000068   |                    |
| .bss (270)                  | 0x00000040      | 0x00000090   |                    |
| .bss (42)                   | 0x00000004      | 0x000000d0   |                    |
| .bss (43)                   | 0x00000004      | 0x000000d4   |                    |
| .bss (124)                  | 0x00000004      | 0x000000d8   |                    |
| .bss (126)                  | 0x00000004      | 0x000000dc   |                    |
| .bss (127)                  | 0x00000004      | 0x000000e0   |                    |
| .bss (268)                  | 0x00000005      | 0x000000e4   |                    |
| .bss (272)                  | 0x00000008      | 0x000000ec   |                    |
| .bss (273)                  | 0x00000008      | 0x000000f4   |                    |
| .bss (274)                  | 0x00000008      | 0x000000fc   |                    |
| .bss (275)                  | 0x00000008      | 0x00000104   |                    |
| .bss (463)                  | 0x00000010      | 0x0000010c   |                    |
| .bss (464)                  | 0x00000010      | 0x0000011c   |                    |
| .bss (41)                   | 0x000000a0      | 0x0000012c   |                    |
| .bss (125)                  | 0x00000140      | 0x000001cc   |                    |
| .bss (465)                  | 0x00000002      | 0x0000030c   |                    |
| .bss (121)                  | 0x00000001      | 0x0000030e   |                    |
| .bss (122)                  | 0x00000001      | 0x0000030f   |                    |
| .bss (123)                  | 0x00000001      | 0x00000310   |                    |
| .bss (359)                  | 0x00000001      | 0x00000311   |                    |
| .bss (360)                  | 0x00000001      | 0x00000312   |                    |
| .bss (467)                  | 0x00000001      | 0x00000313   |                    |
| .bss (468)                  | 0x00000001      | 0x00000314   |                    |
| .bss (469)                  | 0x00000001      | 0x00000315   |                    |
|-----------------------------------------------------------------------------------|
|-----------------------------------------------------------------------------------|
| .text.vector_handlers (240) | 0x00000068      | 0x0          | vector_table (657) |
|-----------------------------------------------------------------------------------|
| .text (117)                 | 0x00000002      | 0x0          | Os_TEXT (658)      |
| .text (568)                 | 0x00000004      | 0x00000004   |                    |
| .text (573)                 | 0x00000004      | 0x00000008   |                    |
| .text (357)                 | 0x00000008      | 0x0000000c   |                    |
| .text (16)                  | 0x0000000c      | 0x00000014   |                    |
| .text (15)                  | 0x0000000e      | 0x00000020   |                    |
| .text (37)                  | 0x00000010      | 0x00000030   |                    |
| .text (570)                 | 0x00000010      | 0x00000040   |                    |
| .text (572)                 | 0x00000010      | 0x00000050   |                    |
| .text (120)                 | 0x0000001a      | 0x00000060   |                    |
| .text (39)                  | 0x0000001a      | 0x0000007c   |                    |
| .text (343)                 | 0x0000002a      | 0x00000098   |                    |
| .text (408)                 | 0x00000030      | 0x000000c4   |                    |
| .text (358)                 | 0x00000030      | 0x000000f4   |                    |
| .text (567)                 | 0x00000034      | 0x00000124   |                    |
| .text (571)                 | 0x0000003c      | 0x00000158   |                    |
| .text (569)                 | 0x00000040      | 0x00000194   |                    |
| .text (210)                 | 0x00000048      | 0x000001d4   |                    |
| .text (462)                 | 0x00000050      | 0x0000021c   |                    |
| .text (38)                  | 0x00000060      | 0x0000026c   |                    |
| .text (455)                 | 0x00000068      | 0x000002cc   |                    |
| .text (40)                  | 0x00000074      | 0x00000334   |                    |
| .text (461)                 | 0x00000078      | 0x000003a8   |                    |
| .text (224)                 | 0x00000080      | 0x00000420   |                    |
| .text (457)                 | 0x00000080      | 0x000004a0   |                    |
| .text (100)                 | 0x0000009c      | 0x00000520   |                    |
| .text (182)                 | 0x000000a4      | 0x000005bc   |                    |
| .text (1)                   | 0x000000a8      | 0x00000660   |                    |
| .text (460)                 | 0x000000ac      | 0x00000708   |                    |
| .text (421)                 | 0x000000b4      | 0x000007b4   |                    |
| .text (544)                 | 0x000000b8      | 0x00000868   |                    |
| .text (456)                 | 0x000000bc      | 0x00000920   |                    |
| .text (458)                 | 0x000000c8      | 0x000009dc   |                    |
| .text (459)                 | 0x000000d8      | 0x00000aa4   |                    |
| .text (119)                 | 0x00000100      | 0x00000b7c   |                    |
| .text (438)                 | 0x0000011c      | 0x00000c7c   |                    |
| .text (118)                 | 0x0000011c      | 0x00000d98   |                    |
| .text (394)                 | 0x00000128      | 0x00000eb4   |                    |
| .text (86)                  | 0x00000130      | 0x00000fdc   |                    |
| .text (196)                 | 0x0000013c      | 0x0000110c   |                    |
| .text (632)                 | 0x00000160      | 0x00001248   |                    |
| .text.Default_Handler (241) | 0x00000014      | 0x000013a8   |                    |
| .text.Reset_Handler (239)   | 0x000000cc      | 0x000013bc   |                    |
| .text.startupMacros (238)   | 0x0000001a      | 0x00001488   |                    |
|-----------------------------------------------------------------------------------|
| .rodata (263)               | 0x00000028      | 0x0          | Os_CONST (659)     |
| .rodata (267)               | 0x00000040      | 0x00000028   |                    |
| .rodata (266)               | 0x00000005      | 0x00000068   |                    |
| .rodata (261)               | 0x00000008      | 0x00000070   |                    |
| .rodata (258)               | 0x00000008      | 0x00000078   |                    |
| .rodata (259)               | 0x00000008      | 0x00000080   |                    |
| .rodata (260)               | 0x00000008      | 0x00000088   |                    |
| .rodata (466)               | 0x0000000f      | 0x00000090   |                    |
| .rodata (262)               | 0x00000010      | 0x000000a0   |                    |
| .rodata (257)               | 0x00000020      | 0x000000b0   |                    |
| .rodata (271)               | 0x00000020      | 0x000000d0   |                    |
|-----------------------------------------------------------------------------------|
+-----------------------------------------------------------------------------------+


**********************************************************************************  Locate Rules  **********************************************************************************
+--------------------------------------------------------------------------------+
| Address space  | Type     | Properties             | Prio | Sections           |
|================================================================================|
| ARM:ARM:linear | absolute | 0x8003c000             |    1 | vector_table (657) |
| ARM:ARM:linear | ranged   | 0x8003c000..0x8004c000 |    1 | Os_TEXT (658)      |
| ARM:ARM:linear | ranged   | 0x8003c000..0x8004c000 |    1 | Os_CONST (659)     |
| ARM:ARM:linear | ranged   | 0x8003c000..0x8004c000 |    1 | Os_DATA_Init (660) |
| ARM:ARM:linear | ranged   | 0x20000000..0x20018000 |    1 | stack (654)        |
| ARM:ARM:linear | ranged   | 0x20000000..0x20018000 |    1 | OS_BSS_T0 (663)    |
| ARM:ARM:linear | ranged   | 0x20000000..0x20018000 |    1 | OS_BSS_T1 (664)    |
| ARM:ARM:linear | ranged   | 0x20000000..0x20018000 |    1 | OS_BSS_T2 (665)    |
| ARM:ARM:linear | ranged   | 0x20000000..0x20018000 |    1 | OS_BSS_T3 (666)    |
| ARM:ARM:linear | ranged   | 0x20000000..0x20018000 |    1 | OS_BSS_T4 (667)    |
| ARM:ARM:linear | ranged   | 0x20000000..0x20018000 |    1 | OS_BSS_T5 (668)    |
| ARM:ARM:linear | ranged   | 0x20000000..0x20018000 |    1 | OS_BSS_T6 (669)    |
| ARM:ARM:linear | ranged   | 0x20000000..0x20018000 |    1 | OS_BSS_T7 (670)    |
| ARM:ARM:linear | ranged   | 0x20000000..0x20018000 |    1 | Os_BSS (662)       |
| ARM:ARM:linear | ranged   | 0x20000000..0x20018000 |    1 | Os_DATA_Init (661) |
+--------------------------------------------------------------------------------+
